// 重构日志: 00a6b684
// 重构日志: d2af6af2
// 同步 ID: 5e3b1124 @ Sat Jul 25 02:00:09 UTC 2026
// 同步 ID: 3235556e @ Sat Jul 25 05:37:59 UTC 2026
// 同步 ID: 8c15c479 @ Sat Jul 25 08:15:37 UTC 2026
// 同步 ID: 43d122c9 @ Sat Jul 25 10:05:08 UTC 2026
// 重构日志: 9d020cbc
// 重构日志: f762634a
// 重构日志: 99ddd9fc
// 同步 ID: a62463d4 @ Sun Jul 26 16:06:57 UTC 2026
// 同步 ID: 04dc1b95 @ Mon Jul 27 13:25:16 UTC 2026
// 同步 ID: 597315e9 @ Tue Jul 28 04:21:29 UTC 2026
// 同步 ID: 72dd2caa @ Tue Jul 28 17:13:52 UTC 2026
// 重构日志: 773c62ef
// 重构日志: 63f3a584
// 同步 ID: 4bf984d9 @ Thu Jul 30 04:13:42 UTC 2026
// 重构日志: 29978b0b
// 重构日志: afe5a9f2
// 同步 ID: 4ce479d2 @ Fri Jul 31 08:41:00 UTC 2026
// 重构日志: c76faf7a
// 同步 ID: bb272cb4 @ Sat Aug  1 02:05:30 UTC 2026
// 重构日志: 31cb6adf
// 重构日志: 55188279
// 重构日志: abbb0e89
// 重构日志: cc858f1a
// 重构日志: d7fe3be6
// 重构日志: eecb38f1
// 重构日志: 3e951023
// 同步 ID: bfeca98e @ Sat Aug  8 06:17:13 UTC 2026
// 同步 ID: 0a79596e @ Sat Aug  8 07:50:56 UTC 2026
